{
    "-profile test": {
        "content": [
            "ALIGN_CONSENSUS_BAM:bwa=0.7.18-r1243-dirty,fgbio=2.5.21,samtools=1.21; ALIGN_RAW_BAM:bwa=0.7.18-r1243-dirty,fgbio=2.5.21,samtools=1.21; CALLDDUPLEXCONSENSUSREADS:fgbio=2.5.21; COLLECTDUPLEXSEQMETRICS:fgbio=2.5.21; FASTQC:fastqc=0.12.1; FASTQTOBAM:fgbio=2.5.21; FILTERCONSENSUSREADS:fgbio=2.5.21; GROUPREADSBYUMI:fgbio=2.5.21; Workflow:nf-core/fastquorum=v1.3.0dev",
            [
                "consensus_calling",
                "consensus_calling/called",
                "consensus_calling/called/SRR6109255",
                "consensus_calling/called/SRR6109255/SRR6109255.cons.unmapped.bam",
                "consensus_filtering",
                "consensus_filtering/filtered",
                "consensus_filtering/filtered/SRR6109255",
                "consensus_filtering/filtered/SRR6109255/SRR6109255.cons.filtered.bam",
                "consensus_filtering/filtered/SRR6109255/SRR6109255.cons.filtered.bam.bai",
                "filtering",
                "filtering/align_consensus_bam",
                "filtering/align_consensus_bam/SRR6109255",
                "filtering/align_consensus_bam/SRR6109255/SRR6109255.mapped.bam",
                "grouping",
                "grouping/groupreadsbyumi",
                "grouping/groupreadsbyumi/SRR6109255",
                "grouping/groupreadsbyumi/SRR6109255/SRR6109255.grouped-family-sizes.txt",
                "grouping/groupreadsbyumi/SRR6109255/SRR6109255.grouped.bam",
                "metrics",
                "metrics/duplex_seq",
                "metrics/duplex_seq/SRR6109255",
                "metrics/duplex_seq/SRR6109255/SRR6109255.duplex_seq_metrics.duplex_family_sizes.txt",
                "metrics/duplex_seq/SRR6109255/SRR6109255.duplex_seq_metrics.duplex_qc.pdf",
                "metrics/duplex_seq/SRR6109255/SRR6109255.duplex_seq_metrics.duplex_umi_counts.txt",
                "metrics/duplex_seq/SRR6109255/SRR6109255.duplex_seq_metrics.duplex_yield_metrics.txt",
                "metrics/duplex_seq/SRR6109255/SRR6109255.duplex_seq_metrics.family_sizes.txt",
                "metrics/duplex_seq/SRR6109255/SRR6109255.duplex_seq_metrics.umi_counts.txt",
                "multiqc",
                "multiqc/multiqc_data",
                "multiqc/multiqc_data/fastqc-status-check-heatmap.txt",
                "multiqc/multiqc_data/fastqc_adapter_content_plot.txt",
                "multiqc/multiqc_data/fastqc_per_base_n_content_plot.txt",
                "multiqc/multiqc_data/fastqc_per_base_sequence_quality_plot.txt",
                "multiqc/multiqc_data/fastqc_per_sequence_gc_content_plot_Counts.txt",
                "multiqc/multiqc_data/fastqc_per_sequence_gc_content_plot_Percentages.txt",
                "multiqc/multiqc_data/fastqc_per_sequence_quality_scores_plot.txt",
                "multiqc/multiqc_data/fastqc_sequence_counts_plot.txt",
                "multiqc/multiqc_data/fastqc_sequence_duplication_levels_plot.txt",
                "multiqc/multiqc_data/fgbio-groupreadsbyumi-plot_Counts.txt",
                "multiqc/multiqc_data/fgbio-groupreadsbyumi-plot_Percentages.txt",
                "multiqc/multiqc_data/fgbio_umi.txt",
                "multiqc/multiqc_data/fgbio_umi_normed.txt",
                "multiqc/multiqc_data/llms-full.txt",
                "multiqc/multiqc_data/multiqc.log",
                "multiqc/multiqc_data/multiqc.parquet",
                "multiqc/multiqc_data/multiqc_citations.txt",
                "multiqc/multiqc_data/multiqc_data.json",
                "multiqc/multiqc_data/multiqc_fastqc.txt",
                "multiqc/multiqc_data/multiqc_general_stats.txt",
                "multiqc/multiqc_data/multiqc_software_versions.txt",
                "multiqc/multiqc_data/multiqc_sources.txt",
                "multiqc/multiqc_plots",
                "multiqc/multiqc_plots/pdf",
                "multiqc/multiqc_plots/pdf/fastqc_adapter_content_plot.pdf",
                "multiqc/multiqc_plots/pdf/fastqc_per_base_n_content_plot.pdf",
                "multiqc/multiqc_plots/pdf/fastqc_per_base_sequence_quality_plot.pdf",
                "multiqc/multiqc_plots/pdf/fastqc_per_sequence_gc_content_plot_Counts.pdf",
                "multiqc/multiqc_plots/pdf/fastqc_per_sequence_gc_content_plot_Percentages.pdf",
                "multiqc/multiqc_plots/pdf/fastqc_per_sequence_quality_scores_plot.pdf",
                "multiqc/multiqc_plots/pdf/fastqc_sequence_counts_plot-cnt.pdf",
                "multiqc/multiqc_plots/pdf/fastqc_sequence_counts_plot-pct.pdf",
                "multiqc/multiqc_plots/pdf/fastqc_sequence_duplication_levels_plot.pdf",
                "multiqc/multiqc_plots/pdf/fgbio-groupreadsbyumi-plot_Counts.pdf",
                "multiqc/multiqc_plots/pdf/fgbio-groupreadsbyumi-plot_Percentages.pdf",
                "multiqc/multiqc_plots/png",
                "multiqc/multiqc_plots/png/fastqc_adapter_content_plot.png",
                "multiqc/multiqc_plots/png/fastqc_per_base_n_content_plot.png",
                "multiqc/multiqc_plots/png/fastqc_per_base_sequence_quality_plot.png",
                "multiqc/multiqc_plots/png/fastqc_per_sequence_gc_content_plot_Counts.png",
                "multiqc/multiqc_plots/png/fastqc_per_sequence_gc_content_plot_Percentages.png",
                "multiqc/multiqc_plots/png/fastqc_per_sequence_quality_scores_plot.png",
                "multiqc/multiqc_plots/png/fastqc_sequence_counts_plot-cnt.png",
                "multiqc/multiqc_plots/png/fastqc_sequence_counts_plot-pct.png",
                "multiqc/multiqc_plots/png/fastqc_sequence_duplication_levels_plot.png",
                "multiqc/multiqc_plots/png/fgbio-groupreadsbyumi-plot_Counts.png",
                "multiqc/multiqc_plots/png/fgbio-groupreadsbyumi-plot_Percentages.png",
                "multiqc/multiqc_plots/svg",
                "multiqc/multiqc_plots/svg/fastqc_adapter_content_plot.svg",
                "multiqc/multiqc_plots/svg/fastqc_per_base_n_content_plot.svg",
                "multiqc/multiqc_plots/svg/fastqc_per_base_sequence_quality_plot.svg",
                "multiqc/multiqc_plots/svg/fastqc_per_sequence_gc_content_plot_Counts.svg",
                "multiqc/multiqc_plots/svg/fastqc_per_sequence_gc_content_plot_Percentages.svg",
                "multiqc/multiqc_plots/svg/fastqc_per_sequence_quality_scores_plot.svg",
                "multiqc/multiqc_plots/svg/fastqc_sequence_counts_plot-cnt.svg",
                "multiqc/multiqc_plots/svg/fastqc_sequence_counts_plot-pct.svg",
                "multiqc/multiqc_plots/svg/fastqc_sequence_duplication_levels_plot.svg",
                "multiqc/multiqc_plots/svg/fgbio-groupreadsbyumi-plot_Counts.svg",
                "multiqc/multiqc_plots/svg/fgbio-groupreadsbyumi-plot_Percentages.svg",
                "multiqc/multiqc_report.html",
                "pipeline_info",
                "pipeline_info/nf_core_fastquorum_software_mqc_versions.yml",
                "preprocessing",
                "preprocessing/align_raw_bam",
                "preprocessing/align_raw_bam/SRR6109255",
                "preprocessing/align_raw_bam/SRR6109255/SRR6109255.1.mapped.bam",
                "preprocessing/fastqc",
                "preprocessing/fastqc/SRR6109255",
                "preprocessing/fastqc/SRR6109255/SRR6109255.1_1_fastqc.html",
                "preprocessing/fastqc/SRR6109255/SRR6109255.1_1_fastqc.zip",
                "preprocessing/fastqc/SRR6109255/SRR6109255.1_2_fastqc.html",
                "preprocessing/fastqc/SRR6109255/SRR6109255.1_2_fastqc.zip",
                "preprocessing/fastqtobam",
                "preprocessing/fastqtobam/SRR6109255",
                "preprocessing/fastqtobam/SRR6109255/SRR6109255.1.unmapped.bam"
            ],
            [
                "SRR6109255.grouped-family-sizes.txt:md5,d2b8b8eb6c01a58f9aea6596b44e3735",
                "SRR6109255.duplex_seq_metrics.duplex_family_sizes.txt:md5,2e699edbafa21fb188a130de3b772bd0",
                "SRR6109255.duplex_seq_metrics.duplex_umi_counts.txt:md5,13d446a97f0ca3fb3f63489b9a4d811e",
                "SRR6109255.duplex_seq_metrics.duplex_yield_metrics.txt:md5,dc44d3f68aa837f5e1c492c1d107cfda",
                "SRR6109255.duplex_seq_metrics.family_sizes.txt:md5,1439dc926491ef89f34dc5c56dc61b56",
                "SRR6109255.duplex_seq_metrics.umi_counts.txt:md5,b8b986e876cc1d1fc272d300fb77df86",
                "fastqc-status-check-heatmap.txt:md5,9a275d367295407c24cb07bdbf82f793",
                "fastqc_adapter_content_plot.txt:md5,5fe7b2ea8f1e0b485f917765a66c46a7",
                "fastqc_per_base_n_content_plot.txt:md5,7b382b62a5633c0d113bb67e7b32b79c",
                "fastqc_per_base_sequence_quality_plot.txt:md5,5cdac844dd020545b76932fb85f47e37",
                "fastqc_per_sequence_gc_content_plot_Counts.txt:md5,eefbfe9b9a36bf325005444497949dca",
                "fastqc_per_sequence_gc_content_plot_Percentages.txt:md5,d863569e3fe51737907e69f81521baa5",
                "fastqc_per_sequence_quality_scores_plot.txt:md5,a42aa83cda2a008b29dc332f2d9a8ba8",
                "fastqc_sequence_counts_plot.txt:md5,4c0a2716ada7140b4afd7cf4e633e012",
                "fastqc_sequence_duplication_levels_plot.txt:md5,cd745beeb8f488dd8b13b53858037206",
                "fgbio-groupreadsbyumi-plot_Counts.txt:md5,bde96e13306e9fe243d32b1e202341e5",
                "fgbio-groupreadsbyumi-plot_Percentages.txt:md5,0f46e0423a8dcc1ad93a17e9e90db4c1",
                "fgbio_umi.txt:md5,84ac87f559ea5cb7284b57b6a9d9aed8",
                "fgbio_umi_normed.txt:md5,5ea5271614b18d5301d7403fe4e3cf96",
                "multiqc_citations.txt:md5,4c806e63a283ec1b7e78cdae3a923d4f",
                "multiqc_fastqc.txt:md5,62058250906e96976f2baf9c430972b1",
                "multiqc_general_stats.txt:md5,35078ddbf07fcfc63ceb91f9b362fcb1"
            ],
            [
                [
                    "SRR6109255.cons.unmapped.bam",
                    "561a32ede619dcb53f164c26e1709bbe"
                ],
                [
                    "SRR6109255.cons.filtered.bam",
                    "427e89eae1321cd72cc2632de878410c"
                ],
                [
                    "SRR6109255.mapped.bam",
                    "a219ae6f12290ffd81f51c30e8c87b8f"
                ],
                [
                    "SRR6109255.grouped.bam",
                    "f0eda53303fd62625fa2c786142754fe"
                ],
                [
                    "SRR6109255.1.mapped.bam",
                    "5e60821e68e8614b1ed06fa5455c3f9b"
                ],
                [
                    "SRR6109255.1.unmapped.bam",
                    "669c5a47ba1d0bcf8f68068b4da81cb5"
                ]
            ]
        ],
        "timestamp": "2026-03-26T11:30:19.736516",
        "meta": {
            "nf-test": "0.9.4",
            "nextflow": "25.10.4"
        }
    }
}