{
    "nonrandom_multi_lanes_metadata_rd_software_versions": {
        "content": [
            "ALIGN_CONSENSUS_BAM:bwa=0.7.18-r1243-dirty,fgbio=2.5.21,samtools=1.21; ALIGN_RAW_BAM:bwa=0.7.18-r1243-dirty,fgbio=2.5.21,samtools=1.21; BWAMEM1_INDEX:bwa=0.7.19-r1273; CALLDDUPLEXCONSENSUSREADS:fgbio=2.5.21; COLLECTDUPLEXSEQMETRICS:fgbio=2.5.21; CORRECTUMIS:fgbio=2.5.21; FASTQC:fastqc=0.12.1; FASTQTOBAM:fgbio=2.5.21; FILTERCONSENSUSREADS:fgbio=2.5.21; GROUPREADSBYUMI:fgbio=2.5.21; MERGE_BAM:samtools=1.23.1; SAMTOOLS_DICT:samtools=1.23.1; SAMTOOLS_FAIDX:samtools=1.23.1; Workflow:nf-core/fastquorum=v1.3.0dev"
        ],
        "timestamp": "2026-06-05T15:14:55.401887",
        "meta": {
            "nf-test": "0.9.4",
            "nextflow": "25.10.4"
        }
    },
    "nonrandom_multi_lanes_rd_software_versions": {
        "content": [
            "ALIGN_CONSENSUS_BAM:bwa=0.7.18-r1243-dirty,fgbio=2.5.21,samtools=1.21; ALIGN_RAW_BAM:bwa=0.7.18-r1243-dirty,fgbio=2.5.21,samtools=1.21; BWAMEM1_INDEX:bwa=0.7.19-r1273; CALLDDUPLEXCONSENSUSREADS:fgbio=2.5.21; COLLECTDUPLEXSEQMETRICS:fgbio=2.5.21; CORRECTUMIS:fgbio=2.5.21; FASTQC:fastqc=0.12.1; FASTQTOBAM:fgbio=2.5.21; FILTERCONSENSUSREADS:fgbio=2.5.21; GROUPREADSBYUMI:fgbio=2.5.21; MERGE_BAM:samtools=1.23.1; SAMTOOLS_DICT:samtools=1.23.1; SAMTOOLS_FAIDX:samtools=1.23.1; Workflow:nf-core/fastquorum=v1.3.0dev"
        ],
        "timestamp": "2026-06-05T15:12:25.448298",
        "meta": {
            "nf-test": "0.9.4",
            "nextflow": "25.10.4"
        }
    },
    "nonrandom_multi_lanes_rd": {
        "content": [
            "SRR6109255.grouped-family-sizes.txt:md5,c9497f87e2c8c7fbc848d752d4916fba",
            "SRR6109255.duplex_seq_metrics.family_sizes.txt:md5,99fda09508850737e000fdbef1e8eee6"
        ],
        "timestamp": "2026-06-03T16:41:47.582735",
        "meta": {
            "nf-test": "0.9.4",
            "nextflow": "25.10.4"
        }
    },
    "nonrandom_multi_lanes_metadata_rd": {
        "content": [
            "SRR6109255.grouped-family-sizes.txt:md5,c9497f87e2c8c7fbc848d752d4916fba",
            "SRR6109255.duplex_seq_metrics.family_sizes.txt:md5,99fda09508850737e000fdbef1e8eee6"
        ],
        "timestamp": "2026-06-03T16:44:17.889273",
        "meta": {
            "nf-test": "0.9.4",
            "nextflow": "25.10.4"
        }
    }
}