{
    "nonrandom_ht": {
        "content": [
            "SRR6109255.grouped-family-sizes.txt:md5,578f2e60347035a1fe2acaf45447f69c",
            "SRR6109255.duplex_seq_metrics.family_sizes.txt:md5,04b285907249b66651d48a6d09f65285"
        ],
        "timestamp": "2026-03-23T15:49:20.324098",
        "meta": {
            "nf-test": "0.9.4",
            "nextflow": "25.10.4"
        }
    },
    "nonrandom_rd_software_versions": {
        "content": [
            "ALIGN_CONSENSUS_BAM:bwa=0.7.18-r1243-dirty,fgbio=2.5.21,samtools=1.21; ALIGN_RAW_BAM:bwa=0.7.18-r1243-dirty,fgbio=2.5.21,samtools=1.21; CALLDDUPLEXCONSENSUSREADS:fgbio=2.5.21; COLLECTDUPLEXSEQMETRICS:fgbio=2.5.21; CORRECTUMIS:fgbio=2.5.21; FASTQC:fastqc=0.12.1; FASTQTOBAM:fgbio=2.5.21; FILTERCONSENSUSREADS:fgbio=2.5.21; GROUPREADSBYUMI:fgbio=2.5.21; Workflow:nf-core/fastquorum=v1.3.0dev"
        ],
        "timestamp": "2026-03-23T15:47:05.528054",
        "meta": {
            "nf-test": "0.9.4",
            "nextflow": "25.10.4"
        }
    },
    "nonrandom_rd": {
        "content": [
            "SRR6109255.grouped-family-sizes.txt:md5,578f2e60347035a1fe2acaf45447f69c",
            "SRR6109255.duplex_seq_metrics.family_sizes.txt:md5,04b285907249b66651d48a6d09f65285"
        ],
        "timestamp": "2026-03-23T15:47:05.540341",
        "meta": {
            "nf-test": "0.9.4",
            "nextflow": "25.10.4"
        }
    },
    "nonrandom_ht_software_versions": {
        "content": [
            "ALIGN_CONSENSUS_BAM:bwa=0.7.18-r1243-dirty,fgbio=2.5.21,samtools=1.21; ALIGN_RAW_BAM:bwa=0.7.18-r1243-dirty,fgbio=2.5.21,samtools=1.21; CALLANDFILTERDUPLEXCONSENSUSREADS:fgbio=2.5.21; COLLECTDUPLEXSEQMETRICS:fgbio=2.5.21; CORRECTUMIS:fgbio=2.5.21; FASTQC:fastqc=0.12.1; FASTQTOBAM:fgbio=2.5.21; GROUPREADSBYUMI:fgbio=2.5.21; Workflow:nf-core/fastquorum=v1.3.0dev"
        ],
        "timestamp": "2026-03-23T15:49:20.317817",
        "meta": {
            "nf-test": "0.9.4",
            "nextflow": "25.10.4"
        }
    }
}