{
    "single_fastq_rd": {
        "content": [
            "SRR6109255_one_fastq.grouped-family-sizes.txt:md5,8ee886d2141217391ed659819c0f37c0"
        ],
        "meta": {
            "nf-test": "0.8.4",
            "nextflow": "23.10.1"
        },
        "timestamp": "2024-05-20T07:33:11.408542"
    },
    "single_fastq_ht_software_versions": {
        "content": [
            "{ALIGN_CONSENSUS_BAM={bwa=0.7.17-r1188, fgbio=2.0.2, samtools=1.16.1}, ALIGN_RAW_BAM={bwa=0.7.17-r1188, fgbio=2.0.2, samtools=1.16.1}, CALLANDFILTERMOLECULARCONSENSUSREADS={fgbio=2.0.2}, FASTQC={fastqc=0.12.1}, FASTQTOBAM={fgbio=2.0.2}, GROUPREADSBYUMI={fgbio=2.0.2}, Workflow={nf-core/fastquorum=v1.0.0}}"
        ],
        "meta": {
            "nf-test": "0.8.4",
            "nextflow": "23.10.1"
        },
        "timestamp": "2024-05-20T16:28:01.840894"
    },
    "single_fastq_rd_software_versions": {
        "content": [
            "{ALIGN_CONSENSUS_BAM={bwa=0.7.17-r1188, fgbio=2.0.2, samtools=1.16.1}, ALIGN_RAW_BAM={bwa=0.7.17-r1188, fgbio=2.0.2, samtools=1.16.1}, CALLMOLECULARCONSENSUSREADS={fgbio=2.0.2}, FASTQC={fastqc=0.12.1}, FASTQTOBAM={fgbio=2.0.2}, FILTERCONSENSUSREADS={fgbio=2.0.2}, GROUPREADSBYUMI={fgbio=2.0.2}, Workflow={nf-core/fastquorum=v1.0.0}}"
        ],
        "meta": {
            "nf-test": "0.8.4",
            "nextflow": "23.10.1"
        },
        "timestamp": "2024-05-20T16:21:29.23891"
    },
    "single_fastq_ht": {
        "content": [
            "SRR6109255_one_fastq.grouped-family-sizes.txt:md5,8ee886d2141217391ed659819c0f37c0"
        ],
        "meta": {
            "nf-test": "0.8.4",
            "nextflow": "23.10.1"
        },
        "timestamp": "2024-05-20T07:39:38.166122"
    }
}